RQ5 execution record
====================

Plan review:
  Round 1: BLOCK (classifier, identity, transition, return, figure and gate definitions)
  Round 2: BLOCK (status/fractional denominator, cross-worktree adjacency,
  return-risk opening and color normalization)
  Round 3: PASS after all definitions were frozen.

Verification and authoritative command:
  python3 -m py_compile agentvis/research/plot_rq5.py
  python3 agentvis/research/plot_rq5.py \
    --rq1-root docs/tmp/build-and-evaluate/step-0002-20260722T003659-0700/experiment-rq1-20260722T003659-0700/full-six-projects/raw \
    --rq4-root docs/tmp/build-and-evaluate/step-0002-20260722T003659-0700/experiment-rq4-20260722T013003-0700/raw \
    --output docs/tmp/build-and-evaluate/step-0002-20260722T003659-0700/experiment-rq5-20260722T013003-0700
  result: success; 95,111 path-resolved primary units, 71,250 worktree-lane
  resolved calls, 71,238 adjacent transitions, and 10,959 observed returns
  resources: 5.9 wall seconds, 717,268 KiB observed max RSS

Frozen inputs:
  authoritative RQ1 event gzip files recorded in RQ1 commands.log
  26466eb3a343ee6eb9a459a6c4690b8ae072b0317a775f6636093f0d3eb344cf  RQ4 raw/rq4-accesses.csv

Execution notes:
  Repaired RQ4 identity replay resolves all 95,111 retained primary units; no
  non-scope identity remains unknown. Coverage is reconciled per project and
  vendor, including home-or-target worktree attribution, scope-only calls,
  calls without a resolved path, and failed calls without path evidence.
  All six projects pass allocation and transition gates; five pass the return
  gate. AgentSkill's three returns remain N/A/coverage-only in the figure and
  result. Status `observed` is retained as unknown outcome, not confirmed
  effect. F8 is split into paper-width allocation/status-sensitivity and
  spatial-dynamics figures; both use embedded TrueType fonts at >=7 pt.

Estimator correction after independent RQ6 audit:
  Observed module-return distance now counts only path-resolved Tool calls
  strictly between visits: A,B,A has distance 1. The earlier implementation
  included the returning call and was one too high. Inputs, transition counts,
  return counts, gates, and qualitative findings are unchanged; RQ3 medians
  are now 2--4 intervening calls in the five qualified projects.
  Research CSV writers use explicit LF line endings so reruns remain stable
  across platforms and pass repository whitespace checks.

Determinism check:
  all CSVs and both PNGs were byte-identical across consecutive runs.
  Matplotlib PDF metadata changes across runs; CSVs and PNGs are the
  reproducibility anchors.

Frozen output SHA-256:
  b2e2d6f8e44cd2e9000a2b8caf0ccc13d3a71acc879ecf7f61627544c131f86d  raw/rq5-actions.csv.gz (committed archive)
  b655cb547b1dc43d0dd7c7a3d944b324f1bb5bd0ab66099eb0011828fa5a866f  raw/rq5-calls.csv.gz (committed archive)
  5decd1c3cabb091c157996da9363ac525dfd9a742207935dae04d48bfd48ee0a  raw/rq5-transitions.csv.gz (committed archive)
  61444d4006d58243f6b6210b6006696e000d0963d0face759b5de98ae1fa5b9a  raw/rq5-actions.csv
  a77c4b6a1296a59ec4e7cad8b425e20b889b54d3ac47bd274b32b446c5302130  raw/rq5-calls.csv
  dad1bbdd6207ddb3b345edff2b499a9ef8cf0d7d65cb140d94a3c9383aff066e  raw/rq5-coverage.csv
  3dbf0d169e8a80efa00833236652409251b5d28f504d708be2dacc145716deac  raw/rq5-leader-changes.csv
  401b2883c46e09975465e5dc3f4890650386e883ecc0f21a81d97de7520f198d  raw/rq5-module-returns.csv
  59da5e9a76105e088b56362e7f116cb560d4a85509ec484085608dbfb9fb394f  raw/rq5-module-summary.csv
  6007a13a6e5bfb726d83cf84836b4e4d80f24a42eb3adc4db06005ba884b41f2  raw/rq5-summary.csv
  a658e0446b8f4575b5e011481bb544a054622c2912fa86e56dcff0941dde295f  raw/rq5-transitions.csv
  2c26796e2309bb720f74a83d189059535ef3826c993d9ee136844e4849681b00  figures/rq5-activity-migration.pdf
  8743b75edb5d69bed5082bc21374f2215ccd3a74e714db0ae61a53121e768ac2  figures/rq5-activity-migration.png
  d3c6f56e4977b88d71c9766129257a166781dd256465fcaa4df2768412f36a98  figures/rq5-artifact-allocation.pdf
  4ede5166b35dbf7369fb37204ec48ec4100f1637b85a2868a7488fe132ad8fc6  figures/rq5-artifact-allocation.png
  d64bfe18add9e136d9feae3609fb4deb2815c37b95a814b5a11f6d8ee94ecfcb  result.md
  3b70dde5c8d75b908a5571fa94f64f3477b2eafa6089b7dd92c84559820038e1  agentvis/research/plot_rq5.py
