pdflatex main
This is pdfTeX, Version 3.141592653-2.6-1.40.25 (TeX Live 2023/Debian) (preloaded format=pdflatex)
 restricted \write18 enabled.
entering extended mode
(./main.tex
LaTeX2e <2023-11-01> patch level 1
L3 programming layer <2024-01-22>
(./acmart.cls
Document Class: acmart 2025/08/27 v2.16 Typesetting articles for the Associatio
n for Computing Machinery
(/usr/share/texlive/texmf-dist/tex/latex/xkeyval/xkeyval.sty
(/usr/share/texlive/texmf-dist/tex/generic/xkeyval/xkeyval.tex
(/usr/share/texlive/texmf-dist/tex/generic/xkeyval/xkvutils.tex
(/usr/share/texlive/texmf-dist/tex/generic/xkeyval/keyval.tex))))
(/usr/share/texlive/texmf-dist/tex/generic/xstring/xstring.sty
(/usr/share/texlive/texmf-dist/tex/generic/xstring/xstring.tex))
(/usr/share/texlive/texmf-dist/tex/generic/iftex/iftex.sty)
(/usr/share/texlive/texmf-dist/tex/latex/amscls/amsart.cls
Document Class: amsart 2020/05/29 v2.20.6
(/usr/share/texlive/texmf-dist/tex/latex/amsmath/amsmath.sty
For additional information on amsmath, use the `?' option.
(/usr/share/texlive/texmf-dist/tex/latex/amsmath/amstext.sty
(/usr/share/texlive/texmf-dist/tex/latex/amsmath/amsgen.sty))
(/usr/share/texlive/texmf-dist/tex/latex/amsmath/amsbsy.sty)
(/usr/share/texlive/texmf-dist/tex/latex/amsmath/amsopn.sty))
(/usr/share/texlive/texmf-dist/tex/latex/amsfonts/umsa.fd)
(/usr/share/texlive/texmf-dist/tex/latex/amsfonts/amsfonts.sty))
(/usr/share/texlive/texmf-dist/tex/latex/microtype/microtype.sty
(/usr/share/texlive/texmf-dist/tex/latex/etoolbox/etoolbox.sty)
(/usr/share/texlive/texmf-dist/tex/latex/microtype/microtype-pdftex.def)
(/usr/share/texlive/texmf-dist/tex/latex/microtype/microtype.cfg))
(/usr/share/texlive/texmf-dist/tex/latex/booktabs/booktabs.sty)
(/usr/share/texlive/texmf-dist/tex/latex/refcount/refcount.sty
(/usr/share/texlive/texmf-dist/tex/generic/ltxcmds/ltxcmds.sty)
(/usr/share/texlive/texmf-dist/tex/generic/infwarerr/infwarerr.sty))
(/usr/share/texlive/texmf-dist/tex/latex/totpages/totpages.sty
(/usr/share/texlive/texmf-dist/tex/latex/everyshi/everyshi.sty))
(/usr/share/texlive/texmf-dist/tex/latex/environ/environ.sty
(/usr/share/texlive/texmf-dist/tex/latex/trimspaces/trimspaces.sty))
(/usr/share/texlive/texmf-dist/tex/latex/natbib/natbib.sty)
(/usr/share/texlive/texmf-dist/tex/latex/hyperref/hyperref.sty
(/usr/share/texlive/texmf-dist/tex/latex/kvsetkeys/kvsetkeys.sty)
(/usr/share/texlive/texmf-dist/tex/generic/kvdefinekeys/kvdefinekeys.sty)
(/usr/share/texlive/texmf-dist/tex/generic/pdfescape/pdfescape.sty
(/usr/share/texlive/texmf-dist/tex/generic/pdftexcmds/pdftexcmds.sty))
(/usr/share/texlive/texmf-dist/tex/latex/hycolor/hycolor.sty)
(/usr/share/texlive/texmf-dist/tex/latex/auxhook/auxhook.sty)
(/usr/share/texlive/texmf-dist/tex/latex/hyperref/nameref.sty
(/usr/share/texlive/texmf-dist/tex/generic/gettitlestring/gettitlestring.sty
(/usr/share/texlive/texmf-dist/tex/latex/kvoptions/kvoptions.sty)))
(/usr/share/texlive/texmf-dist/tex/latex/hyperref/pd1enc.def)
(/usr/share/texlive/texmf-dist/tex/generic/intcalc/intcalc.sty)
(/usr/share/texlive/texmf-dist/tex/latex/hyperref/puenc.def)
(/usr/share/texlive/texmf-dist/tex/latex/url/url.sty)
(/usr/share/texlive/texmf-dist/tex/generic/bitset/bitset.sty
(/usr/share/texlive/texmf-dist/tex/generic/bigintcalc/bigintcalc.sty))
(/usr/share/texlive/texmf-dist/tex/latex/base/atbegshi-ltx.sty))
(/usr/share/texlive/texmf-dist/tex/latex/hyperref/hpdftex.def
(/usr/share/texlive/texmf-dist/tex/latex/base/atveryend-ltx.sty)
(/usr/share/texlive/texmf-dist/tex/latex/rerunfilecheck/rerunfilecheck.sty
(/usr/share/texlive/texmf-dist/tex/generic/uniquecounter/uniquecounter.sty)))
(/usr/share/texlive/texmf-dist/tex/latex/hyperxmp/hyperxmp.sty
(/usr/share/texlive/texmf-dist/tex/generic/stringenc/stringenc.sty)
(/usr/share/texlive/texmf-dist/tex/latex/ifmtarg/ifmtarg.sty)
(/usr/share/texlive/texmf-dist/tex/latex/base/ifthen.sty)
(/usr/share/texlive/texmf-dist/tex/latex/oberdiek/ifdraft.sty)
(/usr/share/texlive/texmf-dist/tex/generic/iftex/ifluatex.sty))
(/usr/share/texlive/texmf-dist/tex/latex/graphics/graphicx.sty
(/usr/share/texlive/texmf-dist/tex/latex/graphics/graphics.sty
(/usr/share/texlive/texmf-dist/tex/latex/graphics/trig.sty)
(/usr/share/texlive/texmf-dist/tex/latex/graphics-cfg/graphics.cfg)
(/usr/share/texlive/texmf-dist/tex/latex/graphics-def/pdftex.def)))
(/usr/share/texlive/texmf-dist/tex/latex/xcolor/xcolor.sty
(/usr/share/texlive/texmf-dist/tex/latex/graphics-cfg/color.cfg)
(/usr/share/texlive/texmf-dist/tex/latex/graphics/mathcolor.ltx))
(/usr/share/texlive/texmf-dist/tex/latex/geometry/geometry.sty
(/usr/share/texlive/texmf-dist/tex/generic/iftex/ifvtex.sty))
(/usr/share/texlive/texmf-dist/tex/latex/ncctools/manyfoot.sty
(/usr/share/texlive/texmf-dist/tex/latex/ncctools/nccfoots.sty))
(/usr/share/texlive/texmf-dist/tex/generic/pdftex/glyphtounicode.tex)
(/usr/share/texlive/texmf-dist/tex/latex/cmap/cmap.sty)
(/usr/share/texlive/texmf-dist/tex/latex/base/fontenc.sty<<t1.cmap>>)
(/usr/share/texlive/texmf-dist/tex/latex/libertine/libertine.sty
(/usr/share/texlive/texmf-dist/tex/generic/iftex/ifxetex.sty)
(/usr/share/texlive/texmf-dist/tex/latex/base/textcomp.sty)
(/usr/share/texlive/texmf-dist/tex/latex/base/fontenc.sty)
(/usr/share/texlive/texmf-dist/tex/latex/fontaxes/fontaxes.sty)
(/usr/share/texlive/texmf-dist/tex/latex/libertine/LinLibertine_I.tex))
(/usr/share/texlive/texmf-dist/tex/latex/inconsolata/zi4.sty
`inconsolata-zi4' v1.12, 2019/05/17 Text macros for Inconsolata (msharpe))
(/usr/share/texlive/texmf-dist/tex/latex/newtx/newtxmath.sty
`newtxmath' v1.732, 2023/11/05 Math macros based originally on txfonts (msharpe
) (/usr/share/texlive/texmf-dist/tex/latex/oberdiek/centernot.sty)
(/usr/share/texlive/texmf-dist/tex/generic/kastrup/binhex.tex)
amsthm NOT loaded
) (/usr/share/texlive/texmf-dist/tex/latex/caption/caption.sty
(/usr/share/texlive/texmf-dist/tex/latex/caption/caption3.sty
(/usr/share/texlive/texmf-dist/tex/latex/caption/caption-ams-smf.sto)))
(/usr/share/texlive/texmf-dist/tex/latex/float/float.sty)
(/usr/share/texlive/texmf-dist/tex/latex/comment/comment.sty
Excluding comment 'comment') Excluding comment 'CCSXML'
(/usr/share/texlive/texmf-dist/tex/latex/fancyhdr/fancyhdr.sty)
Special comment 'acks'
(/usr/share/texlive/texmf-dist/tex/latex/libertine/T1LinuxLibertineT-TLF.fd))
(/usr/share/texlive/texmf-dist/tex/latex/tools/array.sty)
(/usr/share/texlive/texmf-dist/tex/latex/tools/xspace.sty)
(/usr/share/texlive/texmf-dist/tex/latex/preprint/balance.sty)
Excluding comment 'screenonly' Include comment 'printonly'
Include comment 'anonsuppress'
(/usr/share/texlive/texmf-dist/tex/latex/l3backend/l3backend-pdftex.def)
No file main.aux.
(/usr/share/texlive/texmf-dist/tex/latex/newtx/omlnxlmi.fd)
(/usr/share/texlive/texmf-dist/tex/latex/newtx/untxexa.fd)
(/usr/share/texlive/texmf-dist/tex/latex/newtx/lmsntxsy.fd)
(/usr/share/texlive/texmf-dist/tex/latex/newtx/lmxntxexx.fd)
(/usr/share/texlive/texmf-dist/tex/latex/libertine/OT1LinuxLibertineT-TLF.fd)<<
ot1.cmap>><<oml.cmap>>
(/usr/share/texlive/texmf-dist/tex/latex/amsfonts/umsa.fd)
(/usr/share/texlive/texmf-dist/tex/latex/amsfonts/umsb.fd)
(/usr/share/texlive/texmf-dist/tex/latex/newtx/untxmia.fd)
(/usr/share/texlive/texmf-dist/tex/latex/newtx/untxsym.fd)
(/usr/share/texlive/texmf-dist/tex/latex/newtx/untxsyc.fd)
(/usr/share/texlive/texmf-dist/tex/context/base/mkii/supp-pdf.mkii
[Loading MPS to PDF converter (version 2006.09.02).]
) (/usr/share/texlive/texmf-dist/tex/latex/epstopdf-pkg/epstopdf-base.sty
(/usr/share/texlive/texmf-dist/tex/latex/latexconfig/epstopdf-sys.cfg))
*geometry* driver: auto-detecting
*geometry* detected driver: pdftex
(/usr/share/texlive/texmf-dist/tex/latex/upquote/upquote.sty)
(/usr/share/texlive/texmf-dist/tex/latex/libertine/T1LinuxBiolinumT-TLF.fd)
(/usr/share/texlive/texmf-dist/tex/latex/inconsolata/t1zi4.fd)
Underfull \vbox (badness 10000) has occurred while \output is active
Overfull \hbox (8.57047pt too wide) in paragraph at lines 86--86
[]\T1/LinuxLibertineT-TLF/m/n/9 (-20) The sup-ported claim is there-fore a scop
ed pro-fil-ing claim: operation-

Overfull \hbox (1.64507pt too wide) in paragraph at lines 86--86
\T1/LinuxLibertineT-TLF/m/n/9 (-20) fragmentation trade-off than the fixed-sess
ion drill-down proxy. Fixed-

Overfull \hbox (3.44727pt too wide) in paragraph at lines 125--126
[]\T1/LinuxLibertineT-TLF/m/it/9 (-20) Operation/operation-stack pro-fil-ing pr
o-vides label-scored

Underfull \vbox (badness 6284) has occurred while \output is active [1.1{/var/l
ib/texmf/fonts/map/pdftex/updmap/pdftex.map}{/usr/share/texlive/texmf-dist/font
s/enc/dvips/libertine/lbtn_25tcsq.enc}{/usr/share/texlive/texmf-dist/fonts/enc/
dvips/libertine/lbtn_nh77jq.enc}{/usr/share/texlive/texmf-dist/fonts/enc/dvips/
libertine/lbtn_76gpa5.enc}{/usr/share/texlive/texmf-dist/fonts/enc/dvips/incons
olata/i4-t1-4.enc}{/usr/share/texlive/texmf-dist/fonts/enc/dvips/libertine/lbtn
_ncsllp.enc}{/usr/share/texlive/texmf-dist/fonts/enc/dvips/libertine/lbtn_7gruk
w.enc}]

LaTeX Warning: Reference `tab:datasets' on page 2 undefined on input line 177.

(/usr/share/texlive/texmf-dist/tex/latex/microtype/mt-msa.cfg)
(/usr/share/texlive/texmf-dist/tex/latex/microtype/mt-msb.cfg)
Underfull \hbox (badness 10000) in paragraph at lines 192--192
[]|\T1/LinuxLibertineT-TLF/m/n/8 (+20) WebLINX, Mind2Web,

Underfull \hbox (badness 6220) in paragraph at lines 193--193
[]|\T1/LinuxLibertineT-TLF/m/n/8 (+20) Hugging Face rows or repo

Underfull \hbox (badness 10000) in paragraph at lines 195--195
[]|\T1/LinuxLibertineT-TLF/m/n/8 (+20) AndroidControl, GUI-

Underfull \hbox (badness 5970) in paragraph at lines 196--196
[]|\T1/LinuxLibertineT-TLF/m/n/8 (+20) HF an-no-ta-tions plus cleaned

Underfull \hbox (badness 3396) in paragraph at lines 198--198
[]|\T1/LinuxLibertineT-TLF/m/n/8 (+20) Human single-action and grouped-action

LaTeX Warning: Reference `tab:core-results' on page 2 undefined on input line 2
27.


Underfull \hbox (badness 1931) in paragraph at lines 251--254
\T1/LinuxLibertineT-TLF/m/n/6 (+20) are not pro-filer ob-jects, and field

Underfull \hbox (badness 1466) in paragraph at lines 251--254
\T1/LinuxLibertineT-TLF/m/n/6 (+20) deriva-tion is not au-to-matic in-tent

Underfull \hbox (badness 5802) in paragraph at lines 270--272
[]|\T1/LinuxLibertineT-TLF/m/n/6 (+20) The pro-filer ex-poses stack, field,

Underfull \hbox (badness 10000) in paragraph at lines 278--282
[]|\T1/LinuxLibertineT-TLF/m/n/6 (+20) The of-fline pro-fil-ing ar-ti-fact is

Underfull \hbox (badness 3209) in paragraph at lines 278--282
\T1/LinuxLibertineT-TLF/m/n/6 (+20) re-playable and cheap enough for

Underfull \hbox (badness 10000) in paragraph at lines 278--282
\T1/LinuxLibertineT-TLF/m/n/6 (+20) ar-ti-fact eval-u-a-tion; this is sys-

Underfull \hbox (badness 5147) in paragraph at lines 278--282
\T1/LinuxLibertineT-TLF/m/n/6 (+20) tems/reproducibility ev-i-dence, not

LaTeX Warning: Reference `tab:datasets' on page 2 undefined on input line 286.


LaTeX Warning: Reference `tab:core-results' on page 2 undefined on input line 2
87.


LaTeX Warning: Reference `tab:e1-abstraction-evidence' on page 2 undefined on i
nput line 288.


LaTeX Warning: Reference `tab:e2-localization' on page 2 undefined on input lin
e 289.


LaTeX Warning: Reference `fig:e2e3-portfolio' on page 2 undefined on input line
 290.


LaTeX Warning: Reference `tab:actionability' on page 2 undefined on input line
291.


LaTeX Warning: Reference `fig:e2e3-portfolio' on page 2 undefined on input line
 292.


LaTeX Warning: Reference `tab:e4-replay-cost' on page 2 undefined on input line
 293.


LaTeX Warning: Reference `tab:e4-determinism' on page 2 undefined on input line
 293.


Underfull \vbox (badness 10000) has occurred while \output is active [2.2]
Underfull \vbox (badness 10000) has occurred while \output is active

LaTeX Warning: Reference `tab:e1-abstraction-evidence' on page 3 undefined on i
nput line 337.


Underfull \hbox (badness 2384) in paragraph at lines 367--367
[]|\T1/LinuxLibertineT-TLF/m/n/6 (+20) Held-out map-ping and boundary-backend

Underfull \hbox (badness 10000) in paragraph at lines 370--372
[]|\T1/LinuxLibertineT-TLF/m/n/6 (+20) Mapping coarsens action-to-phase V-measu
re

Underfull \hbox (badness 10000) in paragraph at lines 370--372
\T1/LinuxLibertineT-TLF/m/n/6 (+20) 0.9343 to 0.7416; loop-ing is ex-plained by


Overfull \hbox (10.7109pt too wide) in paragraph at lines 384--392
\T1/LinuxLibertineT-TLF/m/n/9 (-20) depth sweep folds to 9 dataset stacks, 57 p
hase stacks, 226 tool/semantic
[3.3]
Underfull \vbox (badness 3302) has occurred while \output is active

LaTeX Warning: Reference `tab:e2-localization' on page 4 undefined on input lin
e 472.

[4.4]
Overfull \hbox (3.34677pt too wide) in paragraph at lines 483--502
\T1/LinuxLibertineT-TLF/m/n/9 (-20) depth-aware slice gives the finer ver-sion
of the same claim: operation-

Overfull \hbox (22.5891pt too wide) in paragraph at lines 526--534
\T1/LinuxLibertineT-TLF/m/n/9 (-20) serves E2 and E3: the left panel shows the
lo-cal-iza-tion/work/fragmentation

LaTeX Warning: Reference `tab:actionability' on page 5 undefined on input line
610.


Underfull \vbox (badness 10000) has occurred while \output is active [5.5]
Underfull \vbox (badness 10000) has occurred while \output is active
Underfull \vbox (badness 10000) has occurred while \output is active [6.6 <./fi
gures/baseline-tradeoff.png> <./figures/actionability-knobs.png>]
Overfull \hbox (1.08096pt too wide) in paragraph at lines 683--700
[]\T1/LinuxLibertineT-TLF/m/n/9 (-20) The ac-tion-abil-ity port-fo-lio turns th
ose com-par-isons into reviewer-

Underfull \vbox (badness 10000) has occurred while \output is active
Overfull \hbox (51.7517pt too wide) in paragraph at lines 766--776
\T1/LinuxLibertineT-TLF/m/n/9 (-20) profile-spec path car-ries \T1/zi4/m/n/9 se
ssion_files\T1/LinuxLibertineT-TLF/m/n/9 (-20) , \T1/zi4/m/n/9 trace_files\T1/L
inuxLibertineT-TLF/m/n/9 (-20) , \T1/zi4/m/n/9 standard_trace_files\T1/LinuxLib
ertineT-TLF/m/n/9 (-20) ,

Overfull \hbox (87.00023pt too wide) in paragraph at lines 766--776
\T1/LinuxLibertineT-TLF/m/n/9 (-20) regex tag rules, pred-i-cates, rank rules,
stack over-rides, and \T1/zi4/m/n/9 include_standard_trace_args\T1/LinuxLiberti
neT-TLF/m/n/9 (-20) .

LaTeX Warning: Reference `tab:e4-replay-cost' on page 7 undefined on input line
 777.


LaTeX Warning: Reference `tab:e4-determinism' on page 7 undefined on input line
 777.

[7.7]
Overfull \hbox (66.92656pt too wide) in paragraph at lines 829--839
\T1/LinuxLibertineT-TLF/m/n/9 (-20) an ex-plicit deterministic-output mode. The
 Rust CLI ac-cepts \T1/zi4/m/n/9 --deterministic-output\T1/LinuxLibertineT-TLF/
m/n/9 (-20) ,

Package natbib Warning: Citation `flamegraphs' on page 8 undefined on input lin
e 862.


Package natbib Warning: Citation `pprof' on page 8 undefined on input line 862.



Package natbib Warning: Citation `perfetto' on page 8 undefined on input line 8
64.


Underfull \vbox (badness 10000) has occurred while \output is active

Package natbib Warning: Citation `otel' on page 8 undefined on input line 874.


Package natbib Warning: Citation `openinference' on page 8 undefined on input l
ine 874.


Package natbib Warning: Citation `langsmith' on page 8 undefined on input line
876.


Package natbib Warning: Citation `langfuse' on page 8 undefined on input line 8
76.


Package natbib Warning: Citation `phoenix' on page 8 undefined on input line 87
6.


Package natbib Warning: Citation `agentops' on page 8 undefined on input line 8
78.


Overfull \hbox (10.40727pt too wide) in paragraph at lines 871--887
\T1/LinuxLibertineT-TLF/m/n/9 (-20) ex-pose traces, ses-sions, ob-ser-va-tions,
 eval-u-a-tions, dash-boards, datasets,

Package natbib Warning: Citation `agentrx' on page 8 undefined on input line 89
2.


Package natbib Warning: Citation `telbench' on page 8 undefined on input line 8
93.


Package natbib Warning: Citation `holistic' on page 8 undefined on input line 8
95.


Package natbib Warning: Citation `agentatlas' on page 8 undefined on input line
 896.

[8.8]

Package natbib Warning: Citation `agentrewardpaper' on page 9 undefined on inpu
t line 910.


Package natbib Warning: Citation `osworldhuman' on page 9 undefined on input li
ne 910.


Package natbib Warning: Citation `opencua' on page 9 undefined on input line 91
0.


Package natbib Warning: Citation `safactory' on page 9 undefined on input line
910.


Package natbib Warning: Citation `osworld' on page 9 undefined on input line 91
0.


Overfull \hbox (7.40634pt too wide) in paragraph at lines 907--916
[]\T1/LinuxLibertineT-TLF/b/n/9 (-20) Public la-beled agent tra-jec-to-ries. \T
1/LinuxLibertineT-TLF/m/n/9 (-20) Agen-tRe-ward-Bench, OSWorld-

Overfull \hbox (11.99161pt too wide) in paragraph at lines 930--941
[]\T1/LinuxLibertineT-TLF/m/n/9 (-20) The strongest neg-a-tive re-sults de-fine
 the use-ful bound-ary. Operation-

Underfull \vbox (badness 10000) has occurred while \output is active
Underfull \hbox (badness 10000) in paragraph at lines 986--987
[]\T1/LinuxLibertineT-TLF/m/n/7 (+20) OpenTelemetry GenAI se-man-tic con-ven-ti
ons. []$https : / / github . com / open -[]
[9.9]
Underfull \hbox (badness 10000) in paragraph at lines 999--1000
[]\T1/LinuxLibertineT-TLF/m/n/7 (+20) OpenGVLab ScaleCUA-Data. []$https : / / h
uggingface . co / datasets / OpenGVLab /

Package natbib Warning: There were undefined citations.


Overfull \vbox (1.152pt too high) has occurred while \output is active [10.10]
(/usr/share/texlive/texmf-dist/tex/generic/stringenc/se-pdfdoc.def)
(/usr/share/texlive/texmf-dist/tex/generic/stringenc/se-utf8.def) [11.10]
(./main.aux

Package natbib Warning: Citation(s) may have changed.
(natbib)                Rerun to get citations correct.

)

LaTeX Warning: There were undefined references.


LaTeX Warning: Label(s) may have changed. Rerun to get cross-references right.


LaTeX Warning: Temporary extra page added at the end. Rerun to get it removed.


Package rerunfilecheck Warning: File `main.out' has changed.
(rerunfilecheck)                Rerun to get outlines right
(rerunfilecheck)                or use package `bookmark'.

 )
(see the transcript file for additional information)</usr/share/texlive/texmf-d
ist/fonts/type1/public/inconsolata/Inconsolata-zi4b.pfb></usr/share/texlive/tex
mf-dist/fonts/type1/public/inconsolata/Inconsolata-zi4r.pfb></usr/share/texlive
/texmf-dist/fonts/type1/public/libertine/LinBiolinumT.pfb></usr/share/texlive/t
exmf-dist/fonts/type1/public/libertine/LinBiolinumTB.pfb></usr/share/texlive/te
xmf-dist/fonts/type1/public/libertine/LinLibertineT.pfb></usr/share/texlive/tex
mf-dist/fonts/type1/public/libertine/LinLibertineTB.pfb></usr/share/texlive/tex
mf-dist/fonts/type1/public/libertine/LinLibertineTI.pfb></usr/share/texlive/tex
mf-dist/fonts/type1/public/newtx/txsys.pfb>
Output written on main.pdf (11 pages, 596210 bytes).
Transcript written on main.log.
pdflatex main
This is pdfTeX, Version 3.141592653-2.6-1.40.25 (TeX Live 2023/Debian) (preloaded format=pdflatex)
 restricted \write18 enabled.
entering extended mode
(./main.tex
LaTeX2e <2023-11-01> patch level 1
L3 programming layer <2024-01-22>
(./acmart.cls
Document Class: acmart 2025/08/27 v2.16 Typesetting articles for the Associatio
n for Computing Machinery
(/usr/share/texlive/texmf-dist/tex/latex/xkeyval/xkeyval.sty
(/usr/share/texlive/texmf-dist/tex/generic/xkeyval/xkeyval.tex
(/usr/share/texlive/texmf-dist/tex/generic/xkeyval/xkvutils.tex
(/usr/share/texlive/texmf-dist/tex/generic/xkeyval/keyval.tex))))
(/usr/share/texlive/texmf-dist/tex/generic/xstring/xstring.sty
(/usr/share/texlive/texmf-dist/tex/generic/xstring/xstring.tex))
(/usr/share/texlive/texmf-dist/tex/generic/iftex/iftex.sty)
(/usr/share/texlive/texmf-dist/tex/latex/amscls/amsart.cls
Document Class: amsart 2020/05/29 v2.20.6
(/usr/share/texlive/texmf-dist/tex/latex/amsmath/amsmath.sty
For additional information on amsmath, use the `?' option.
(/usr/share/texlive/texmf-dist/tex/latex/amsmath/amstext.sty
(/usr/share/texlive/texmf-dist/tex/latex/amsmath/amsgen.sty))
(/usr/share/texlive/texmf-dist/tex/latex/amsmath/amsbsy.sty)
(/usr/share/texlive/texmf-dist/tex/latex/amsmath/amsopn.sty))
(/usr/share/texlive/texmf-dist/tex/latex/amsfonts/umsa.fd)
(/usr/share/texlive/texmf-dist/tex/latex/amsfonts/amsfonts.sty))
(/usr/share/texlive/texmf-dist/tex/latex/microtype/microtype.sty
(/usr/share/texlive/texmf-dist/tex/latex/etoolbox/etoolbox.sty)
(/usr/share/texlive/texmf-dist/tex/latex/microtype/microtype-pdftex.def)
(/usr/share/texlive/texmf-dist/tex/latex/microtype/microtype.cfg))
(/usr/share/texlive/texmf-dist/tex/latex/booktabs/booktabs.sty)
(/usr/share/texlive/texmf-dist/tex/latex/refcount/refcount.sty
(/usr/share/texlive/texmf-dist/tex/generic/ltxcmds/ltxcmds.sty)
(/usr/share/texlive/texmf-dist/tex/generic/infwarerr/infwarerr.sty))
(/usr/share/texlive/texmf-dist/tex/latex/totpages/totpages.sty
(/usr/share/texlive/texmf-dist/tex/latex/everyshi/everyshi.sty))
(/usr/share/texlive/texmf-dist/tex/latex/environ/environ.sty
(/usr/share/texlive/texmf-dist/tex/latex/trimspaces/trimspaces.sty))
(/usr/share/texlive/texmf-dist/tex/latex/natbib/natbib.sty)
(/usr/share/texlive/texmf-dist/tex/latex/hyperref/hyperref.sty
(/usr/share/texlive/texmf-dist/tex/latex/kvsetkeys/kvsetkeys.sty)
(/usr/share/texlive/texmf-dist/tex/generic/kvdefinekeys/kvdefinekeys.sty)
(/usr/share/texlive/texmf-dist/tex/generic/pdfescape/pdfescape.sty
(/usr/share/texlive/texmf-dist/tex/generic/pdftexcmds/pdftexcmds.sty))
(/usr/share/texlive/texmf-dist/tex/latex/hycolor/hycolor.sty)
(/usr/share/texlive/texmf-dist/tex/latex/auxhook/auxhook.sty)
(/usr/share/texlive/texmf-dist/tex/latex/hyperref/nameref.sty
(/usr/share/texlive/texmf-dist/tex/generic/gettitlestring/gettitlestring.sty
(/usr/share/texlive/texmf-dist/tex/latex/kvoptions/kvoptions.sty)))
(/usr/share/texlive/texmf-dist/tex/latex/hyperref/pd1enc.def)
(/usr/share/texlive/texmf-dist/tex/generic/intcalc/intcalc.sty)
(/usr/share/texlive/texmf-dist/tex/latex/hyperref/puenc.def)
(/usr/share/texlive/texmf-dist/tex/latex/url/url.sty)
(/usr/share/texlive/texmf-dist/tex/generic/bitset/bitset.sty
(/usr/share/texlive/texmf-dist/tex/generic/bigintcalc/bigintcalc.sty))
(/usr/share/texlive/texmf-dist/tex/latex/base/atbegshi-ltx.sty))
(/usr/share/texlive/texmf-dist/tex/latex/hyperref/hpdftex.def
(/usr/share/texlive/texmf-dist/tex/latex/base/atveryend-ltx.sty)
(/usr/share/texlive/texmf-dist/tex/latex/rerunfilecheck/rerunfilecheck.sty
(/usr/share/texlive/texmf-dist/tex/generic/uniquecounter/uniquecounter.sty)))
(/usr/share/texlive/texmf-dist/tex/latex/hyperxmp/hyperxmp.sty
(/usr/share/texlive/texmf-dist/tex/generic/stringenc/stringenc.sty)
(/usr/share/texlive/texmf-dist/tex/latex/ifmtarg/ifmtarg.sty)
(/usr/share/texlive/texmf-dist/tex/latex/base/ifthen.sty)
(/usr/share/texlive/texmf-dist/tex/latex/oberdiek/ifdraft.sty)
(/usr/share/texlive/texmf-dist/tex/generic/iftex/ifluatex.sty))
(/usr/share/texlive/texmf-dist/tex/latex/graphics/graphicx.sty
(/usr/share/texlive/texmf-dist/tex/latex/graphics/graphics.sty
(/usr/share/texlive/texmf-dist/tex/latex/graphics/trig.sty)
(/usr/share/texlive/texmf-dist/tex/latex/graphics-cfg/graphics.cfg)
(/usr/share/texlive/texmf-dist/tex/latex/graphics-def/pdftex.def)))
(/usr/share/texlive/texmf-dist/tex/latex/xcolor/xcolor.sty
(/usr/share/texlive/texmf-dist/tex/latex/graphics-cfg/color.cfg)
(/usr/share/texlive/texmf-dist/tex/latex/graphics/mathcolor.ltx))
(/usr/share/texlive/texmf-dist/tex/latex/geometry/geometry.sty
(/usr/share/texlive/texmf-dist/tex/generic/iftex/ifvtex.sty))
(/usr/share/texlive/texmf-dist/tex/latex/ncctools/manyfoot.sty
(/usr/share/texlive/texmf-dist/tex/latex/ncctools/nccfoots.sty))
(/usr/share/texlive/texmf-dist/tex/generic/pdftex/glyphtounicode.tex)
(/usr/share/texlive/texmf-dist/tex/latex/cmap/cmap.sty)
(/usr/share/texlive/texmf-dist/tex/latex/base/fontenc.sty<<t1.cmap>>)
(/usr/share/texlive/texmf-dist/tex/latex/libertine/libertine.sty
(/usr/share/texlive/texmf-dist/tex/generic/iftex/ifxetex.sty)
(/usr/share/texlive/texmf-dist/tex/latex/base/textcomp.sty)
(/usr/share/texlive/texmf-dist/tex/latex/base/fontenc.sty)
(/usr/share/texlive/texmf-dist/tex/latex/fontaxes/fontaxes.sty)
(/usr/share/texlive/texmf-dist/tex/latex/libertine/LinLibertine_I.tex))
(/usr/share/texlive/texmf-dist/tex/latex/inconsolata/zi4.sty
`inconsolata-zi4' v1.12, 2019/05/17 Text macros for Inconsolata (msharpe))
(/usr/share/texlive/texmf-dist/tex/latex/newtx/newtxmath.sty
`newtxmath' v1.732, 2023/11/05 Math macros based originally on txfonts (msharpe
) (/usr/share/texlive/texmf-dist/tex/latex/oberdiek/centernot.sty)
(/usr/share/texlive/texmf-dist/tex/generic/kastrup/binhex.tex)
amsthm NOT loaded
) (/usr/share/texlive/texmf-dist/tex/latex/caption/caption.sty
(/usr/share/texlive/texmf-dist/tex/latex/caption/caption3.sty
(/usr/share/texlive/texmf-dist/tex/latex/caption/caption-ams-smf.sto)))
(/usr/share/texlive/texmf-dist/tex/latex/float/float.sty)
(/usr/share/texlive/texmf-dist/tex/latex/comment/comment.sty
Excluding comment 'comment') Excluding comment 'CCSXML'
(/usr/share/texlive/texmf-dist/tex/latex/fancyhdr/fancyhdr.sty)
Special comment 'acks'
(/usr/share/texlive/texmf-dist/tex/latex/libertine/T1LinuxLibertineT-TLF.fd))
(/usr/share/texlive/texmf-dist/tex/latex/tools/array.sty)
(/usr/share/texlive/texmf-dist/tex/latex/tools/xspace.sty)
(/usr/share/texlive/texmf-dist/tex/latex/preprint/balance.sty)
Excluding comment 'screenonly' Include comment 'printonly'
Include comment 'anonsuppress'
(/usr/share/texlive/texmf-dist/tex/latex/l3backend/l3backend-pdftex.def)
(./main.aux) (/usr/share/texlive/texmf-dist/tex/latex/newtx/omlnxlmi.fd)
(/usr/share/texlive/texmf-dist/tex/latex/newtx/untxexa.fd)
(/usr/share/texlive/texmf-dist/tex/latex/newtx/lmsntxsy.fd)
(/usr/share/texlive/texmf-dist/tex/latex/newtx/lmxntxexx.fd)
(/usr/share/texlive/texmf-dist/tex/latex/libertine/OT1LinuxLibertineT-TLF.fd)<<
ot1.cmap>><<oml.cmap>>
(/usr/share/texlive/texmf-dist/tex/latex/amsfonts/umsa.fd)
(/usr/share/texlive/texmf-dist/tex/latex/amsfonts/umsb.fd)
(/usr/share/texlive/texmf-dist/tex/latex/newtx/untxmia.fd)
(/usr/share/texlive/texmf-dist/tex/latex/newtx/untxsym.fd)
(/usr/share/texlive/texmf-dist/tex/latex/newtx/untxsyc.fd) (./main.out)
(./main.out) (/usr/share/texlive/texmf-dist/tex/context/base/mkii/supp-pdf.mkii

[Loading MPS to PDF converter (version 2006.09.02).]
) (/usr/share/texlive/texmf-dist/tex/latex/epstopdf-pkg/epstopdf-base.sty
(/usr/share/texlive/texmf-dist/tex/latex/latexconfig/epstopdf-sys.cfg))
*geometry* driver: auto-detecting
*geometry* detected driver: pdftex
(/usr/share/texlive/texmf-dist/tex/latex/upquote/upquote.sty)
(/usr/share/texlive/texmf-dist/tex/latex/libertine/T1LinuxBiolinumT-TLF.fd)
(/usr/share/texlive/texmf-dist/tex/latex/inconsolata/t1zi4.fd)
Underfull \vbox (badness 10000) has occurred while \output is active
Overfull \hbox (8.57047pt too wide) in paragraph at lines 86--86
[]\T1/LinuxLibertineT-TLF/m/n/9 (-20) The sup-ported claim is there-fore a scop
ed pro-fil-ing claim: operation-

Overfull \hbox (1.64507pt too wide) in paragraph at lines 86--86
\T1/LinuxLibertineT-TLF/m/n/9 (-20) fragmentation trade-off than the fixed-sess
ion drill-down proxy. Fixed-

Overfull \hbox (3.44727pt too wide) in paragraph at lines 125--126
[]\T1/LinuxLibertineT-TLF/m/it/9 (-20) Operation/operation-stack pro-fil-ing pr
o-vides label-scored

Underfull \vbox (badness 6284) has occurred while \output is active [1.1{/var/l
ib/texmf/fonts/map/pdftex/updmap/pdftex.map}{/usr/share/texlive/texmf-dist/font
s/enc/dvips/libertine/lbtn_25tcsq.enc}{/usr/share/texlive/texmf-dist/fonts/enc/
dvips/libertine/lbtn_nh77jq.enc}{/usr/share/texlive/texmf-dist/fonts/enc/dvips/
libertine/lbtn_76gpa5.enc}{/usr/share/texlive/texmf-dist/fonts/enc/dvips/incons
olata/i4-t1-4.enc}{/usr/share/texlive/texmf-dist/fonts/enc/dvips/libertine/lbtn
_ncsllp.enc}{/usr/share/texlive/texmf-dist/fonts/enc/dvips/libertine/lbtn_7gruk
w.enc}] (/usr/share/texlive/texmf-dist/tex/latex/microtype/mt-msa.cfg)
(/usr/share/texlive/texmf-dist/tex/latex/microtype/mt-msb.cfg)
Underfull \hbox (badness 10000) in paragraph at lines 192--192
[]|\T1/LinuxLibertineT-TLF/m/n/8 (+20) WebLINX, Mind2Web,

Underfull \hbox (badness 6220) in paragraph at lines 193--193
[]|\T1/LinuxLibertineT-TLF/m/n/8 (+20) Hugging Face rows or repo

Underfull \hbox (badness 10000) in paragraph at lines 195--195
[]|\T1/LinuxLibertineT-TLF/m/n/8 (+20) AndroidControl, GUI-

Underfull \hbox (badness 5970) in paragraph at lines 196--196
[]|\T1/LinuxLibertineT-TLF/m/n/8 (+20) HF an-no-ta-tions plus cleaned

Underfull \hbox (badness 3396) in paragraph at lines 198--198
[]|\T1/LinuxLibertineT-TLF/m/n/8 (+20) Human single-action and grouped-action

Underfull \hbox (badness 1931) in paragraph at lines 251--254
\T1/LinuxLibertineT-TLF/m/n/6 (+20) are not pro-filer ob-jects, and field

Underfull \hbox (badness 1466) in paragraph at lines 251--254
\T1/LinuxLibertineT-TLF/m/n/6 (+20) deriva-tion is not au-to-matic in-tent

Underfull \hbox (badness 5802) in paragraph at lines 270--272
[]|\T1/LinuxLibertineT-TLF/m/n/6 (+20) The pro-filer ex-poses stack, field,

Underfull \hbox (badness 10000) in paragraph at lines 278--282
[]|\T1/LinuxLibertineT-TLF/m/n/6 (+20) The of-fline pro-fil-ing ar-ti-fact is

Underfull \hbox (badness 3209) in paragraph at lines 278--282
\T1/LinuxLibertineT-TLF/m/n/6 (+20) re-playable and cheap enough for

Underfull \hbox (badness 10000) in paragraph at lines 278--282
\T1/LinuxLibertineT-TLF/m/n/6 (+20) ar-ti-fact eval-u-a-tion; this is sys-

Underfull \hbox (badness 5147) in paragraph at lines 278--282
\T1/LinuxLibertineT-TLF/m/n/6 (+20) tems/reproducibility ev-i-dence, not

Underfull \vbox (badness 10000) has occurred while \output is active [2.2]
Underfull \vbox (badness 10000) has occurred while \output is active
Underfull \hbox (badness 2384) in paragraph at lines 367--367
[]|\T1/LinuxLibertineT-TLF/m/n/6 (+20) Held-out map-ping and boundary-backend

Underfull \hbox (badness 10000) in paragraph at lines 370--372
[]|\T1/LinuxLibertineT-TLF/m/n/6 (+20) Mapping coarsens action-to-phase V-measu
re

Underfull \hbox (badness 10000) in paragraph at lines 370--372
\T1/LinuxLibertineT-TLF/m/n/6 (+20) 0.9343 to 0.7416; loop-ing is ex-plained by


Overfull \hbox (10.7109pt too wide) in paragraph at lines 384--392
\T1/LinuxLibertineT-TLF/m/n/9 (-20) depth sweep folds to 9 dataset stacks, 57 p
hase stacks, 226 tool/semantic
[3.3]
Underfull \vbox (badness 3302) has occurred while \output is active [4.4]
Overfull \hbox (3.34677pt too wide) in paragraph at lines 483--502
\T1/LinuxLibertineT-TLF/m/n/9 (-20) depth-aware slice gives the finer ver-sion
of the same claim: operation-

Overfull \hbox (22.5891pt too wide) in paragraph at lines 526--534
\T1/LinuxLibertineT-TLF/m/n/9 (-20) serves E2 and E3: the left panel shows the
lo-cal-iza-tion/work/fragmentation

Underfull \vbox (badness 10000) has occurred while \output is active [5.5]
Underfull \vbox (badness 10000) has occurred while \output is active
Underfull \vbox (badness 10000) has occurred while \output is active [6.6 <./fi
gures/baseline-tradeoff.png> <./figures/actionability-knobs.png>]
Overfull \hbox (1.08096pt too wide) in paragraph at lines 683--700
[]\T1/LinuxLibertineT-TLF/m/n/9 (-20) The ac-tion-abil-ity port-fo-lio turns th
ose com-par-isons into reviewer-

Underfull \vbox (badness 10000) has occurred while \output is active
Overfull \hbox (51.7517pt too wide) in paragraph at lines 766--776
\T1/LinuxLibertineT-TLF/m/n/9 (-20) profile-spec path car-ries \T1/zi4/m/n/9 se
ssion_files\T1/LinuxLibertineT-TLF/m/n/9 (-20) , \T1/zi4/m/n/9 trace_files\T1/L
inuxLibertineT-TLF/m/n/9 (-20) , \T1/zi4/m/n/9 standard_trace_files\T1/LinuxLib
ertineT-TLF/m/n/9 (-20) ,

Overfull \hbox (87.00023pt too wide) in paragraph at lines 766--776
\T1/LinuxLibertineT-TLF/m/n/9 (-20) regex tag rules, pred-i-cates, rank rules,
stack over-rides, and \T1/zi4/m/n/9 include_standard_trace_args\T1/LinuxLiberti
neT-TLF/m/n/9 (-20) .
[7.7]
Overfull \hbox (66.92656pt too wide) in paragraph at lines 829--839
\T1/LinuxLibertineT-TLF/m/n/9 (-20) an ex-plicit deterministic-output mode. The
 Rust CLI ac-cepts \T1/zi4/m/n/9 --deterministic-output\T1/LinuxLibertineT-TLF/
m/n/9 (-20) ,

Underfull \vbox (badness 10000) has occurred while \output is active
Overfull \hbox (1.2641pt too wide) in paragraph at lines 871--887
\T1/LinuxLibertineT-TLF/m/n/9 (-20) provider-specific teleme-try [[], []]. Lang
-Smith, Lang-fuse, and Phoenix

Overfull \hbox (10.40727pt too wide) in paragraph at lines 871--887
\T1/LinuxLibertineT-TLF/m/n/9 (-20) ex-pose traces, ses-sions, ob-ser-va-tions,
 eval-u-a-tions, dash-boards, datasets,
[8.8]
Overfull \hbox (7.40634pt too wide) in paragraph at lines 907--916
[]\T1/LinuxLibertineT-TLF/b/n/9 (-20) Public la-beled agent tra-jec-to-ries. \T
1/LinuxLibertineT-TLF/m/n/9 (-20) Agen-tRe-ward-Bench, OSWorld-

Overfull \hbox (11.99161pt too wide) in paragraph at lines 930--941
[]\T1/LinuxLibertineT-TLF/m/n/9 (-20) The strongest neg-a-tive re-sults de-fine
 the use-ful bound-ary. Operation-

Underfull \vbox (badness 10000) has occurred while \output is active
Underfull \hbox (badness 10000) in paragraph at lines 986--987
[]\T1/LinuxLibertineT-TLF/m/n/7 (+20) OpenTelemetry GenAI se-man-tic con-ven-ti
ons. []$https : / / github . com / open -[]
[9.9]
Underfull \hbox (badness 10000) in paragraph at lines 999--1000
[]\T1/LinuxLibertineT-TLF/m/n/7 (+20) OpenGVLab ScaleCUA-Data. []$https : / / h
uggingface . co / datasets / OpenGVLab /

Class acmart Warning: ACM keywords are mandatory for papers over two pages.


Class acmart Warning: ACM reference format is mandatory
(acmart)              for papers over one page.
(acmart)              Please add printacmref=true to the
(acmart)              \settopmatter command..


Class acmart Warning: CCS concepts are mandatory for papers over two pages.


Overfull \vbox (1.152pt too high) has occurred while \output is active
(/usr/share/texlive/texmf-dist/tex/generic/stringenc/se-pdfdoc.def)
(/usr/share/texlive/texmf-dist/tex/generic/stringenc/se-utf8.def) [10.10]
(./main.aux) )
(see the transcript file for additional information)</usr/share/texlive/texmf-d
ist/fonts/type1/public/inconsolata/Inconsolata-zi4b.pfb></usr/share/texlive/tex
mf-dist/fonts/type1/public/inconsolata/Inconsolata-zi4r.pfb></usr/share/texlive
/texmf-dist/fonts/type1/public/libertine/LinBiolinumT.pfb></usr/share/texlive/t
exmf-dist/fonts/type1/public/libertine/LinBiolinumTB.pfb></usr/share/texlive/te
xmf-dist/fonts/type1/public/libertine/LinLibertineT.pfb></usr/share/texlive/tex
mf-dist/fonts/type1/public/libertine/LinLibertineTB.pfb></usr/share/texlive/tex
mf-dist/fonts/type1/public/libertine/LinLibertineTI.pfb></usr/share/texlive/tex
mf-dist/fonts/type1/public/newtx/txsys.pfb>
Output written on main.pdf (10 pages, 597728 bytes).
Transcript written on main.log.
